2026-07-30 03:43:26,640 | {"buy_confirmed": {"trade_id": "f75d274c-3165-48f5-a765-76f0b4cf435a", "token_id": "110612698036958130878941652397460719081595570702160371595790843040502017802614", "side": "BUY", "size": 2.702701, "price": 0.37, "title": "未知", "outcome": "Yes"}}
2026-07-30 03:43:50,370 | {"sell_confirmed": {"trade_id": "847aa8d0-0d7f-4aec-84ef-6ad5b0275584", "token_id": "21676446406265560470069687888030566697415738626314731571836066330449327811724", "side": "SELL", "size": 0, "price": 0.66, "title": "未知", "outcome": "No"}}
2026-07-30 04:02:46,082 | {"sell_confirmed": {"trade_id": "4ce0010b-22fb-4edf-aa3e-ce23387f299a", "token_id": "92901782137674720886699384491661190307194437512703756662819266617220359661889", "side": "SELL", "size": 20.0, "price": 0.36, "title": "未知", "outcome": "No"}}
2026-07-30 04:03:00,028 | {"sell_confirmed": {"trade_id": "a4959888-7ac3-47cb-be22-ab043f74ac05", "token_id": "92901782137674720886699384491661190307194437512703756662819266617220359661889", "side": "SELL", "size": 0, "price": 0.35, "title": "未知", "outcome": "No"}}
2026-07-30 06:39:09,620 | {"buy_confirmed": {"trade_id": "e2d4ef0a-b1fa-4ef5-866d-a112b422a879", "token_id": "115017883861232310590493077391601073853011899832199561280496742368524276221659", "side": "BUY", "size": 20.0, "price": 0.39, "title": "未知", "outcome": "Yes"}}
2026-07-30 07:41:34,367 | {"buy_confirmed": {"trade_id": "1f9dcea0-db68-4ffa-8729-607cf57ef17b", "token_id": "21333052505147145195312567055444077602833727120465938291953068271844140350680", "side": "BUY", "size": 20.0, "price": 0.37, "title": "未知", "outcome": "Yes"}}
2026-07-30 07:41:35,834 | {"buy_confirmed": {"trade_id": "58fbc4f0-1791-4ab8-8228-38d5c8fdc3fd", "token_id": "47888153845925513169183680157862140325564716431512440994512771226550165420088", "side": "BUY", "size": 20.0, "price": 0.66, "title": "未知", "outcome": "No"}}
2026-07-30 07:48:24,991 | {"buy_confirmed": {"trade_id": "f9bb8bba-a928-491f-a56e-e2a46fb83937", "token_id": "7912940889785135513344309978695586503359801682958213204206820174792362500059", "side": "BUY", "size": 20.0, "price": 0.33, "title": "未知", "outcome": "Yes"}}
2026-07-30 08:45:18,878 | {"buy_confirmed": {"trade_id": "3916d279-6c09-49af-a1b8-3dd1d67771a4", "token_id": "111758792414703679290986176510902111530474918382755235036043945534657215412346", "side": "BUY", "size": 20.0, "price": 0.44, "title": "未知", "outcome": "Yes"}}
2026-07-30 08:47:36,559 | {"sell_confirmed": {"trade_id": "64ebfe1f-2514-4d46-95fc-d83c0c1d4589", "token_id": "6983168806273695425219175581291512266963893524160373259733309181805893392940", "side": "SELL", "size": 0, "price": 0.54, "title": "未知", "outcome": "No"}}
2026-07-30 11:19:27,792 | {"sell_confirmed": {"trade_id": "e2e6be08-ea16-4125-8f71-eb81165a838b", "token_id": "102654509352277045797824715109058862426587717939113825734227260403382508957473", "side": "SELL", "size": 0, "price": 0.32, "title": "未知", "outcome": "Yes"}}
2026-07-30 11:35:19,293 | {"sell_confirmed": {"trade_id": "3923f495-773b-4268-850b-fc11acc66025", "token_id": "8992537298086968307602338399939445049161073969928753500765797108825350667971", "side": "SELL", "size": 20.0, "price": 0.72, "title": "未知", "outcome": "No"}}
2026-07-30 11:35:52,464 | {"sell_confirmed": {"trade_id": "171c9398-b6c8-4bf8-8791-529dd2af7a3a", "token_id": "8992537298086968307602338399939445049161073969928753500765797108825350667971", "side": "SELL", "size": 0, "price": 0.7, "title": "未知", "outcome": "No"}}
2026-07-30 11:49:24,813 | {"buy_confirmed": {"trade_id": "39323405-6415-4515-8a39-8a6d87b38a42", "token_id": "75028752776148090296091099469912621384650554615761384992997579209329182670110", "side": "BUY", "size": 20.0, "price": 0.64, "title": "未知", "outcome": "Yes"}}
2026-07-30 11:50:21,216 | {"sell_confirmed": {"trade_id": "7fbb68e7-2b12-4191-8a02-a78d832667fc", "token_id": "93005850938352995663334573245996733794924636935158112548608169054144721737755", "side": "SELL", "size": 0, "price": 0.35, "title": "未知", "outcome": "No"}}
2026-07-30 12:44:01,339 | {"sell_confirmed": {"trade_id": "7b7c775f-7972-4403-9686-6e6440fafb6f", "token_id": "21077568748997210591566588318005222275014162070980395629565304320486275798355", "side": "SELL", "size": 20.0, "price": 0.29, "title": "未知", "outcome": "Yes"}}
2026-07-30 12:44:52,779 | {"sell_confirmed": {"trade_id": "8fc89507-1e86-4cb7-a15c-0abd193216e5", "token_id": "21077568748997210591566588318005222275014162070980395629565304320486275798355", "side": "SELL", "size": 0, "price": 0.27, "title": "未知", "outcome": "Yes"}}
2026-07-30 12:52:34,439 | {"buy_confirmed": {"trade_id": "79147ead-2c23-445b-8247-6c548d2fb44d", "token_id": "93519619356166382508716201081831144512942988096765893747850989716427041568231", "side": "BUY", "size": 20.0, "price": 0.72, "title": "未知", "outcome": "No"}}
2026-07-30 12:52:57,705 | {"sell_confirmed": {"trade_id": "89a5aef3-b1eb-474e-b277-18517c7c7315", "token_id": "58444421524673243076903610658717397736709417403091104852729651524438697589244", "side": "SELL", "size": 0, "price": 0.26, "title": "未知", "outcome": "Yes"}}
2026-07-30 13:40:28,784 | {"buy_confirmed": {"trade_id": "15cbce19-de3b-48ef-a8a2-646e75f559d1", "token_id": "54433276129324712073285993587062922641699732288614194228246811181104983627206", "side": "BUY", "size": 20.0, "price": 0.74, "title": "未知", "outcome": "No"}}
2026-07-30 13:42:45,877 | {"sell_confirmed": {"trade_id": "4289f18a-c4ce-4aa1-9daf-20aae6b46b35", "token_id": "84812381466348372343010093926811364509998129875920797623158251015181621523164", "side": "SELL", "size": 0, "price": 0.25, "title": "未知", "outcome": "Yes"}}
2026-07-30 15:02:12,482 | {"buy_confirmed": {"trade_id": "5a41a8d2-660a-43f3-abda-3c7f9b8e79a4", "token_id": "36042285175428118442413846936500286692318665758313455062852706903451381194279", "side": "BUY", "size": 20.0, "price": 0.6, "title": "未知", "outcome": "Yes"}}
2026-07-30 15:03:02,390 | {"sell_confirmed": {"trade_id": "eba5df21-0c08-429e-958e-f0e0046b31d1", "token_id": "21014004920695702081779080912909857729559256777131980640576807358125684494606", "side": "SELL", "size": 0, "price": 0.37, "title": "未知", "outcome": "No"}}
2026-07-30 15:12:04,301 | {"sell_confirmed": {"trade_id": "cf88babc-bfaf-48de-b15e-346776ede616", "token_id": "84812381466348372343010093926811364509998129875920797623158251015181621523164", "side": "SELL", "size": 20.0, "price": 0.24, "title": "未知", "outcome": "Yes"}}
2026-07-30 15:13:22,336 | {"sell_confirmed": {"trade_id": "97477174-af84-4315-843d-46923db1303a", "token_id": "54433276129324712073285993587062922641699732288614194228246811181104983627206", "side": "SELL", "size": 14.97, "price": 0.76, "title": "未知", "outcome": "No"}}
2026-07-30 15:13:24,125 | {"sell_confirmed": {"trade_id": "0eb4d7f1-07e2-43e0-89b8-280a223d9ada", "token_id": "84812381466348372343010093926811364509998129875920797623158251015181621523164", "side": "SELL", "size": 0, "price": 0.24, "title": "未知", "outcome": "Yes"}}
2026-07-30 15:13:59,113 | {"buy_confirmed": {"trade_id": "cc667aa4-2b02-40af-9a71-5001b64e56b7", "token_id": "87150316911747710389398782447337377964271008938887702894316010075241429634797", "side": "BUY", "size": 20.0, "price": 0.72, "title": "未知", "outcome": "No"}}
2026-07-30 18:08:25,792 | {"sell_confirmed": {"trade_id": "c3662cd4-937e-428c-ad49-057575be558c", "token_id": "103061050007400274999594916895738480309659774389975462751286383696371274457983", "side": "SELL", "size": 20.0, "price": 0.25, "title": "未知", "outcome": "Yes"}}
