2026-07-29 11:37:17,450 | {"sell_confirmed": {"trade_id": "bc9ec912-9e96-4988-ac99-badce8d78e8d", "token_id": "92901782137674720886699384491661190307194437512703756662819266617220359661889", "side": "SELL", "size": 50.0, "price": 0.38, "title": "未知", "outcome": "No"}}
2026-07-29 11:42:54,312 | {"sell_confirmed": {"trade_id": "b2204157-514a-44d1-9e5f-d10db02bda36", "token_id": "32815257285701162070400368965160862224480215774512208807893743766013769197745", "side": "SELL", "size": 50.0, "price": 0.25, "title": "未知", "outcome": "Yes"}}
2026-07-29 12:01:22,672 | {"sell_confirmed": {"trade_id": "044904f8-275a-415e-a333-a16de8086d00", "token_id": "27772535076735536060621085579299954235790109026292203234912052436734752076216", "side": "SELL", "size": 5.0, "price": 0.35, "title": "未知", "outcome": "Yes"}}
2026-07-29 12:03:04,489 | {"sell_confirmed": {"trade_id": "c93c09f5-dd31-4a36-be65-ade413e6199d", "token_id": "27772535076735536060621085579299954235790109026292203234912052436734752076216", "side": "SELL", "size": 0, "price": 0.36, "title": "未知", "outcome": "Yes"}}
2026-07-29 12:23:04,261 | {"sell_confirmed": {"trade_id": "637103d6-a879-4f7b-a431-822586e71240", "token_id": "89239893877294086595001627405515198445864541589035507724761754892614699030714", "side": "SELL", "size": 20.0, "price": 0.3, "title": "未知", "outcome": "Yes"}}
2026-07-29 12:24:09,354 | {"sell_confirmed": {"trade_id": "263c9a95-c5bb-4fd2-b1d7-757d2f468338", "token_id": "89239893877294086595001627405515198445864541589035507724761754892614699030714", "side": "SELL", "size": 0, "price": 0.3, "title": "未知", "outcome": "Yes"}}
2026-07-29 15:42:49,511 | {"sell_confirmed": {"trade_id": "1e136f92-0339-47ff-b93b-53dc04967726", "token_id": "98791792891151796419198537822641272279090244411250804177587512946815348406662", "side": "SELL", "size": 50.0, "price": 0.79, "title": "未知", "outcome": "No"}}
2026-07-29 16:10:16,229 | {"buy_confirmed": {"trade_id": "4e462d2f-ae08-41fe-87a8-9df026513184", "token_id": "92901782137674720886699384491661190307194437512703756662819266617220359661889", "side": "BUY", "size": 2.777776, "price": 0.36, "title": "未知", "outcome": "No"}}
2026-07-29 18:58:50,595 | {"buy_confirmed": {"trade_id": "3e15442b-2986-4e1d-8f85-ac72437ac1ce", "token_id": "56998712164736835696527636524379131117042353506356843185500030225506353223140", "side": "BUY", "size": 50.0, "price": 0.36, "title": "未知", "outcome": "Yes"}}
2026-07-29 19:03:50,669 | {"buy_confirmed": {"trade_id": "5d7e644d-13c5-411a-8f12-e3982ef19d01", "token_id": "91320832654153647654510381767386141222698433312808898611205869219824289389127", "side": "BUY", "size": 5.43, "price": 0.74, "title": "未知", "outcome": "No"}}
2026-07-29 19:04:44,728 | {"sell_confirmed": {"trade_id": "5248ce6a-5c25-4997-8813-343dacd48e43", "token_id": "113895076509157141826091089273934983006590560580696085133141764377831324338975", "side": "SELL", "size": 0, "price": 0.26, "title": "未知", "outcome": "Yes"}}
2026-07-29 19:27:54,886 | {"sell_confirmed": {"trade_id": "11788dde-6ab9-4d00-89fe-4b338df851d6", "token_id": "4687753820164864678131110586648370171883939997487099335818552519137978068505", "side": "SELL", "size": 0, "price": 0.63, "title": "未知", "outcome": "No"}}
2026-07-29 22:19:24,692 | {"sell_confirmed": {"trade_id": "00df51a9-1905-43f8-8fa9-4fd1ab9e9eb9", "token_id": "84614087306496951078700280080059316405378136245878187028222987614702007521463", "side": "SELL", "size": 5.0, "price": 0.4, "title": "未知", "outcome": "Yes"}}
2026-07-29 22:20:57,471 | {"sell_confirmed": {"trade_id": "0efd9e84-bcc2-45c0-9a04-bf5062bc3ca9", "token_id": "84614087306496951078700280080059316405378136245878187028222987614702007521463", "side": "SELL", "size": 0, "price": 0.4, "title": "未知", "outcome": "Yes"}}
2026-07-30 00:01:49,147 | {"sell_confirmed": {"trade_id": "41951333-2e40-4588-8d24-cb605ca50b41", "token_id": "94717375528671760958286535561507081408943877185556085677538469935368384818193", "side": "SELL", "size": 35.55, "price": 0.35, "title": "未知", "outcome": "Yes"}}
2026-07-30 00:04:02,048 | {"sell_confirmed": {"trade_id": "65fa9906-1ea1-41ae-a369-c44025453f70", "token_id": "94717375528671760958286535561507081408943877185556085677538469935368384818193", "side": "SELL", "size": 0, "price": 0.35, "title": "未知", "outcome": "Yes"}}
2026-07-30 00:04:03,789 | {"sell_confirmed": {"trade_id": "335847b0-80e5-4b7a-8524-ea9b94a01255", "token_id": "69777805781442070999058313088100747409004220496946974364367465442095747932187", "side": "SELL", "size": 0.56, "price": 0.65, "title": "未知", "outcome": "No"}}
2026-07-30 00:04:35,751 | {"sell_confirmed": {"trade_id": "6f15f3d0-fdc1-4f1d-97f7-bfdd0994da95", "token_id": "69777805781442070999058313088100747409004220496946974364367465442095747932187", "side": "SELL", "size": 0.56, "price": 0.65, "title": "未知", "outcome": "No"}}
2026-07-30 00:06:09,536 | {"sell_confirmed": {"trade_id": "1434b301-8244-4e41-b59a-0062961f9243", "token_id": "94717375528671760958286535561507081408943877185556085677538469935368384818193", "side": "SELL", "size": 0, "price": 0.34, "title": "未知", "outcome": "Yes"}}
2026-07-30 00:06:11,179 | {"sell_confirmed": {"trade_id": "9a9678b4-2097-4542-a556-3d5fc27a6c4c", "token_id": "69777805781442070999058313088100747409004220496946974364367465442095747932187", "side": "SELL", "size": 4.28, "price": 0.66, "title": "未知", "outcome": "No"}}
2026-07-30 00:10:32,275 | {"sell_confirmed": {"trade_id": "8946bd48-5c74-4b38-9413-3859066fdc18", "token_id": "94717375528671760958286535561507081408943877185556085677538469935368384818193", "side": "SELL", "size": 0, "price": 0.33, "title": "未知", "outcome": "Yes"}}
2026-07-30 00:16:57,843 | {"sell_confirmed": {"trade_id": "00d75261-2274-4168-acc0-0db9169b5977", "token_id": "94717375528671760958286535561507081408943877185556085677538469935368384818193", "side": "SELL", "size": 0, "price": 0.33, "title": "未知", "outcome": "Yes"}}
2026-07-30 03:03:37,010 | {"sell_confirmed": {"trade_id": "c032216a-972e-4d45-95af-aff3a2122a5e", "token_id": "84552968680743469789099064008516777979765218845049149561936328117498265353472", "side": "SELL", "size": 5.0, "price": 0.34, "title": "未知", "outcome": "Yes"}}
2026-07-30 03:03:44,904 | {"sell_confirmed": {"trade_id": "fab4f951-b39b-4357-8948-8a1e94eca4db", "token_id": "84552968680743469789099064008516777979765218845049149561936328117498265353472", "side": "SELL", "size": 0, "price": 0.32, "title": "未知", "outcome": "Yes"}}
2026-07-30 04:02:45,906 | {"buy_confirmed": {"trade_id": "66bfb860-02bf-45b3-a3a3-5a96afbed24b", "token_id": "52834299035694141130876129294771000392350115936112642746081181307312281288175", "side": "BUY", "size": 50.0, "price": 0.63, "title": "未知", "outcome": "Yes"}}
2026-07-30 04:03:22,298 | {"sell_confirmed": {"trade_id": "eaad1057-7305-41da-a524-56fdf3852539", "token_id": "92901782137674720886699384491661190307194437512703756662819266617220359661889", "side": "SELL", "size": 0, "price": 0.35, "title": "未知", "outcome": "No"}}
2026-07-30 06:39:01,648 | {"buy_confirmed": {"trade_id": "aa1c99e1-2831-4f60-aae8-c04a62d7ae59", "token_id": "115017883861232310590493077391601073853011899832199561280496742368524276221659", "side": "BUY", "size": 2.631577, "price": 0.38, "title": "未知", "outcome": "Yes"}}
2026-07-30 06:39:02,941 | {"buy_confirmed": {"trade_id": "618b40de-75f8-4a4e-bc0f-0cc49700537f", "token_id": "115017883861232310590493077391601073853011899832199561280496742368524276221659", "side": "BUY", "size": 47.0, "price": 0.38, "title": "未知", "outcome": "Yes"}}
2026-07-30 06:39:21,899 | {"sell_confirmed": {"trade_id": "573b1991-310f-4f1f-8b1a-5d715952270a", "token_id": "39159070979341923331550975936568948935946693868585880497936128907193958134656", "side": "SELL", "size": 0, "price": 0.6, "title": "未知", "outcome": "No"}}
2026-07-30 07:48:30,565 | {"sell_confirmed": {"trade_id": "9528d43d-8bbb-4a3f-bd7f-e31b0fee8f61", "token_id": "60437900295418612557824852893923109382042841189467821966711338186361674541606", "side": "SELL", "size": 50.0, "price": 0.34, "title": "未知", "outcome": "Yes"}}
2026-07-30 07:58:35,354 | {"sell_confirmed": {"trade_id": "943c46e2-148b-43f5-883b-76f9c251a1ac", "token_id": "46498227195170028706627758643018175932278015388300320680098161569210521879882", "side": "SELL", "size": 18.73, "price": 0.35, "title": "未知", "outcome": "Yes"}}
2026-07-30 08:00:53,620 | {"sell_confirmed": {"trade_id": "3d78b6a4-3682-45d7-93c3-d8237874e9fc", "token_id": "46498227195170028706627758643018175932278015388300320680098161569210521879882", "side": "SELL", "size": 0, "price": 0.33, "title": "未知", "outcome": "Yes"}}
2026-07-30 11:56:37,809 | {"sell_confirmed": {"trade_id": "a4afe497-7206-43a6-979a-d99c163f7cbf", "token_id": "71928439939993723793854918906556103184543578409638708726958252969060637424795", "side": "SELL", "size": 16.0, "price": 0.41, "title": "未知", "outcome": "No"}}
2026-07-30 11:56:39,999 | {"sell_confirmed": {"trade_id": "154b675e-05cc-44d7-9595-e52df6ab3ba2", "token_id": "71928439939993723793854918906556103184543578409638708726958252969060637424795", "side": "SELL", "size": 0.93, "price": 0.41, "title": "未知", "outcome": "No"}}
2026-07-30 12:44:01,313 | {"sell_confirmed": {"trade_id": "7b7c775f-7972-4403-9686-6e6440fafb6f", "token_id": "21077568748997210591566588318005222275014162070980395629565304320486275798355", "side": "SELL", "size": 4.73, "price": 0.29, "title": "未知", "outcome": "Yes"}}
2026-07-30 12:44:04,689 | {"sell_confirmed": {"trade_id": "0bdc5bc4-7957-4c6a-94ba-f1fdc4e03ee4", "token_id": "21077568748997210591566588318005222275014162070980395629565304320486275798355", "side": "SELL", "size": 45.27, "price": 0.29, "title": "未知", "outcome": "Yes"}}
2026-07-30 12:45:16,182 | {"sell_confirmed": {"trade_id": "d0a5397d-3b89-4b69-819b-9de3d9168474", "token_id": "21077568748997210591566588318005222275014162070980395629565304320486275798355", "side": "SELL", "size": 0, "price": 0.28, "title": "未知", "outcome": "Yes"}}
2026-07-30 12:45:50,075 | {"buy_confirmed": {"trade_id": "43b26e1c-6eb0-4071-9966-7fcd31f459d0", "token_id": "21077568748997210591566588318005222275014162070980395629565304320486275798355", "side": "BUY", "size": 5.0, "price": 0.28, "title": "未知", "outcome": "Yes"}}
2026-07-30 12:46:52,184 | {"sell_confirmed": {"trade_id": "29210a16-1c20-4b1d-8df2-67dd69ee96f8", "token_id": "103452353548549009664228173019333584742799848286432229171382448241379726596312", "side": "SELL", "size": 1.26, "price": 0.72, "title": "未知", "outcome": "No"}}
2026-07-30 12:49:33,273 | {"sell_confirmed": {"trade_id": "8b2c0b1b-8c49-4dd9-ab9e-d4d62bb5c756", "token_id": "21077568748997210591566588318005222275014162070980395629565304320486275798355", "side": "SELL", "size": 0, "price": 0.28, "title": "未知", "outcome": "Yes"}}
2026-07-30 12:51:31,203 | {"sell_confirmed": {"trade_id": "c3653e48-33e5-4742-a822-0c91e4c32f2b", "token_id": "21077568748997210591566588318005222275014162070980395629565304320486275798355", "side": "SELL", "size": 0, "price": 0.27, "title": "未知", "outcome": "Yes"}}
2026-07-30 12:51:50,426 | {"sell_confirmed": {"trade_id": "d876ff6e-5592-4e11-acd2-4f0cf5e64467", "token_id": "103452353548549009664228173019333584742799848286432229171382448241379726596312", "side": "SELL", "size": 1.26, "price": 0.73, "title": "未知", "outcome": "No"}}
2026-07-30 13:22:24,178 | {"buy_confirmed": {"trade_id": "c1353c15-6e2d-49e9-a39a-9c80ef82373e", "token_id": "21333052505147145195312567055444077602833727120465938291953068271844140350680", "side": "BUY", "size": 7.754714, "price": 0.53, "title": "未知", "outcome": "Yes"}}
2026-07-30 13:23:23,729 | {"sell_confirmed": {"trade_id": "a1062078-d4c2-4f72-a866-a4ae38947e0f", "token_id": "47725400709987794415115692324864473172491529084544637054649640159830795908005", "side": "SELL", "size": 0, "price": 0.47, "title": "未知", "outcome": "No"}}
2026-07-30 15:27:27,263 | {"sell_confirmed": {"trade_id": "675e1747-5eb0-4521-bd18-5c46629dc7af", "token_id": "21077568748997210591566588318005222275014162070980395629565304320486275798355", "side": "SELL", "size": 0, "price": 0.27, "title": "未知", "outcome": "Yes"}}
2026-07-30 16:01:13,858 | {"buy_confirmed": {"trade_id": "66c1bdb5-d432-4e3b-9634-c79a7656a0ff", "token_id": "81314898967412849303299809951663619883090338246216855088101767245667134180849", "side": "BUY", "size": 50.0, "price": 0.57, "title": "未知", "outcome": "No"}}
2026-07-30 16:51:19,938 | {"buy_confirmed": {"trade_id": "2b85afc0-db63-4c39-99b7-af3445a2c499", "token_id": "22251729873377201498464002431293464632057414572214532073134079731968546103200", "side": "BUY", "size": 20.0, "price": 0.71, "title": "未知", "outcome": "No"}}
